// Jest Snapshot v1, https://goo.gl/fbAQLP

exports[`ProductView should render component 1`] = `
<Card
  body={false}
>
  <CardHeader>
    Hewitt
  </CardHeader>
  <CardBody>
    Officia adipisicing velit anim deserunt officia est qui excepteur ullamco laborum. Aute laborum do do do veniam pariatur sint qui labore non fugiat occaecat. Est elit fugiat commodo tempor cupidatat duis culpa ipsum duis labore in et ut mollit. Tempor ipsum deserunt ad proident eu elit incididunt exercitation nisi et fugiat ut ut laborum. Ullamco voluptate reprehenderit qui laboris elit pariatur id cillum non pariatur ullamco consequat est. Consectetur occaecat mollit veniam reprehenderit.
    <br />
    <Link
      to={
        Object {
          "pathname": "product/5ff81abb0e750ff69443daf8",
        }
      }
    >
       
    </Link>
    <br />
    <Button
      active={false}
      disabled={false}
      onClick={[Function]}
      type="button"
      variant="primary"
    />
  </CardBody>
  <CardImg
    src="http://placehold.it/32x32"
    variant={null}
  />
</Card>
`;
